// Jest Snapshot v1, https://goo.gl/fbAQLP

exports[`<Testables.Draggables /> renders correctly 1`] = `
<Text>
  Loading...
</Text>
`;
