// Jest Snapshot v1, https://goo.gl/fbAQLP

exports[`<App /> renders correctly 1`] = `
<RCTSafeAreaView
  emulateUnlessSupported={true}
>
  <View
    style={
      Object {
        "flexDirection": "column",
        "height": "95%",
        "justifyContent": "center",
      }
    }
  >
    <View
      style={
        Object {
          "height": "10%",
        }
      }
    >
      <View
        style={
          Object {
            "alignItems": "center",
            "backgroundColor": "#abffc1",
            "borderRadius": 10,
            "flexDirection": "row",
            "height": "100%",
            "margin": 10,
            "padding": 10,
          }
        }
      >
        <Text>
          Title Data:
        </Text>
        <TextInput
          allowFontScaling={true}
          onChangeText={[Function]}
          rejectResponderTermination={true}
          underlineColorAndroid="transparent"
        />
      </View>
      <View
        style={
          Object {
            "alignItems": "center",
            "backgroundColor": "#abffc1",
            "borderRadius": 10,
            "flexDirection": "row",
            "height": "100%",
            "margin": 10,
            "padding": 10,
          }
        }
      >
        <Text>
          Description Data:
        </Text>
        <TextInput
          allowFontScaling={true}
          onChangeText={[Function]}
          rejectResponderTermination={true}
          underlineColorAndroid="transparent"
        />
      </View>
    </View>
    <View
      style={
        Object {
          "height": "90%",
        }
      }
    >
      <Text>
        Loading...
      </Text>
    </View>
  </View>
</RCTSafeAreaView>
`;
